// Jest Snapshot v1, https://goo.gl/fbAQLP

exports[`icon 是个 svg 1`] = `
<div>
  <svg
    class="ree-icon"
  >
    <use
      xlink:href="#apple"
    />
  </svg>
</div>
`;
